// Jest Snapshot v1, https://goo.gl/fbAQLP

exports[`Bio renders correctly 1`] = `
.c0 {
  display: -webkit-box;
  display: -webkit-flex;
  display: -ms-flexbox;
  display: flex;
  margin-bottom: 0;
  -webkit-flex-direction: row;
  -ms-flex-direction: row;
  flex-direction: row;
}

.c2 {
  display: -webkit-box;
  display: -webkit-flex;
  display: -ms-flexbox;
  display: flex;
  margin-right: 10px;
  -webkit-flex-direction: column;
  -ms-flex-direction: column;
  flex-direction: column;
}

.c1 {
  margin-bottom: 0;
  margin-right: 10px;
  width: 40px;
  height: 40px;
  border-radius: 100%;
}

@media (max-width:576px) {
  .c0 {
    -webkit-flex-direction: column;
    -ms-flex-direction: column;
    flex-direction: column;
    margin-bottom: 20px;
  }
}

<div
  className="c0"
>
  <div
    className="c0"
  >
    <img
      alt="Ola Nordmann"
      className="c1"
      src="data:image/png;base64,iVBORw0KGgoAAAANSUhEUgAAAaQAAAGkCAIAAADxLsZiAAAF4klEQVR4nOzXAY3jMBBA0dtTiJRWyEQhE1qhYAjLoeraav57BGakxl/TbYzxD+Dp/q9eAGAGsQMSxA5IEDsgQeyABLEDEsQOSBA7IEHsgASxAxLEDkgQOyBB7IAEsQMSxA5IEDsgQeyABLEDEsQOSBA7IEHsgASxAxLEDkgQOyBB7IAEsQMSxA5IEDsgQeyABLEDEsQOSBA7IEHsgASxAxK2aZOu8542i7ftx2v1Cp/kq/sKc746lx2QIHZAgtgBCWIHJIgdkCB2QILYAQliBySIHZAgdkCC2AEJYgckiB2QIHZAgtgBCWIHJIgdkCB2QILYAQliBySIHZAgdkCC2AEJYgckiB2QIHZAgtgBCWIHJIgdkCB2QILYAQliBySIHZAgdkCC2AEJYgckiB2QIHZAgtgBCWIHJIgdkCB2QILYAQliBySIHZAgdkCC2AEJYgckiB2QIHZAgtgBCWIHJIgdkCB2QILYAQliBySIHZAgdkCC2AEJYgckiB2QIHZAgtgBCWIHJIgdkCB2QILYAQliBySIHZAgdkDCNm3SfrymzZrjOu/VK1D0vKc0h8sOSBA7IEHsgASxAxLEDkgQOyBB7IAEsQMSxA5IEDsgQeyABLEDEsQOSBA7IEHsgASxAxLEDkgQOyBB7IAEsQMSxA5IEDsgQeyABLEDEsQOSBA7IEHsgASxAxLEDkgQOyBB7IAEsQMSxA5IEDsgQeyABLEDEsQOSBA7IEHsgASxAxLEDkgQOyBB7IAEsQMSxA5IEDsgQeyABLEDEsQOSBA7IEHsgASxAxLEDkgQOyBB7IAEsQMSxA5IEDsgQeyABLEDEsQOSBA7IEHsgASxAxLEDkgQOyBB7IAEsQMSxA5I+BljrN4B4M+57IAEsQMSxA5IEDsgQeyABLEDEsQOSBA7IEHsgASxAxLEDkgQOyBB7IAEsQMSxA5IEDsgQeyABLEDEsQOSBA7IEHsgASxAxLEDkgQOyBB7IAEsQMSxA5IEDsgQeyABLEDEsQOSBA7IEHsgASxAxLEDkgQOyBB7IAEsQMSxA5IEDsgQeyABLEDEsQOSBA7IEHsgASxAxLEDkgQOyBB7IAEsQMSxA5IEDsgQeyABLEDEsQOSBA7IEHsgASxAxLEDkgQOyBB7IAEsQMSxA5IEDsgQeyABLEDEsQOSBA7IGGbNuk672mzptmP1+oVaPGO3uayAxLEDkgQOyBB7IAEsQMSxA5IEDsgQeyABLEDEsQOSBA7IEHsgASxAxLEDkgQOyBB7IAEsQMSxA5IEDsgQeyABLEDEsQOSBA7IEHsgASxAxLEDkgQOyBB7IAEsQMSxA5IEDsgQeyABLEDEsQOSBA7IEHsgASxAxLEDkgQOyBB7IAEsQMSxA5IEDsgQeyABLEDEsQOSBA7IEHsgASxAxLEDkgQOyBB7IAEsQMSxA5IEDsgQeyABLEDEsQOSBA7IEHsgASxAxLEDkgQOyBB7IAEsQMSxA5IEDsgQeyABLEDErbVC3y367xXr/Bh+/FavcInPe8H4m3zYvewV+QhscrzntIc/sYCCWIHJIgdkCB2QILYAQliBySIHZAgdkCC2AEJYgckiB2QIHZAgtgBCWIHJIgdkCB2QILYAQliBySIHZAgdkCC2AEJYgckiB2QIHZAgtgBCWIHJIgdkCB2QILYAQliBySIHZAgdkCC2AEJYgckiB2QIHZAgtgBCWIHJIgdkCB2QILYAQliBySIHZAgdkCC2AEJYgckiB2QIHZAgtgBCWIHJIgdkCB2QILYAQliBySIHZAgdkCC2AEJYgckiB2QIHZAgtgBCWIHJIgdkCB2QILYAQliBySIHZAgdkCC2AEJP2OM1TsA/DmXHZAgdkCC2AEJYgckiB2QIHZAgtgBCWIHJIgdkCB2QILYAQliBySIHZAgdkCC2AEJYgckiB2QIHZAgtgBCWIHJIgdkCB2QILYAQliBySIHZAgdkCC2AEJYgckiB2QIHZAgtgBCWIHJIgdkPAbAAD//9JGJL1D6GKKAAAAAElFTkSuQmCC"
    />
    <div
      className="c2"
    >
      <div
        className="bio-name"
      >
        Ola Nordmann
      </div>
    </div>
  </div>
  <div
    className="c0"
  >
    <img
      alt="Kari Nordmann"
      className="c1"
      src="data:image/png;base64,iVBORw0KGgoAAAANSUhEUgAAAaQAAAGkCAIAAADxLsZiAAAF4klEQVR4nOzXAY3jMBBA0dtTiJRWyEQhE1qhYAjLoeraav57BGakxl/TbYzxD+Dp/q9eAGAGsQMSxA5IEDsgQeyABLEDEsQOSBA7IEHsgASxAxLEDkgQOyBB7IAEsQMSxA5IEDsgQeyABLEDEsQOSBA7IEHsgASxAxLEDkgQOyBB7IAEsQMSxA5IEDsgQeyABLEDEsQOSBA7IEHsgASxAxK2aZOu8542i7ftx2v1Cp/kq/sKc746lx2QIHZAgtgBCWIHJIgdkCB2QILYAQliBySIHZAgdkCC2AEJYgckiB2QIHZAgtgBCWIHJIgdkCB2QILYAQliBySIHZAgdkCC2AEJYgckiB2QIHZAgtgBCWIHJIgdkCB2QILYAQliBySIHZAgdkCC2AEJYgckiB2QIHZAgtgBCWIHJIgdkCB2QILYAQliBySIHZAgdkCC2AEJYgckiB2QIHZAgtgBCWIHJIgdkCB2QILYAQliBySIHZAgdkCC2AEJYgckiB2QIHZAgtgBCWIHJIgdkCB2QILYAQliBySIHZAgdkDCNm3SfrymzZrjOu/VK1D0vKc0h8sOSBA7IEHsgASxAxLEDkgQOyBB7IAEsQMSxA5IEDsgQeyABLEDEsQOSBA7IEHsgASxAxLEDkgQOyBB7IAEsQMSxA5IEDsgQeyABLEDEsQOSBA7IEHsgASxAxLEDkgQOyBB7IAEsQMSxA5IEDsgQeyABLEDEsQOSBA7IEHsgASxAxLEDkgQOyBB7IAEsQMSxA5IEDsgQeyABLEDEsQOSBA7IEHsgASxAxLEDkgQOyBB7IAEsQMSxA5IEDsgQeyABLEDEsQOSBA7IEHsgASxAxLEDkgQOyBB7IAEsQMSxA5I+BljrN4B4M+57IAEsQMSxA5IEDsgQeyABLEDEsQOSBA7IEHsgASxAxLEDkgQOyBB7IAEsQMSxA5IEDsgQeyABLEDEsQOSBA7IEHsgASxAxLEDkgQOyBB7IAEsQMSxA5IEDsgQeyABLEDEsQOSBA7IEHsgASxAxLEDkgQOyBB7IAEsQMSxA5IEDsgQeyABLEDEsQOSBA7IEHsgASxAxLEDkgQOyBB7IAEsQMSxA5IEDsgQeyABLEDEsQOSBA7IEHsgASxAxLEDkgQOyBB7IAEsQMSxA5IEDsgQeyABLEDEsQOSBA7IGGbNuk672mzptmP1+oVaPGO3uayAxLEDkgQOyBB7IAEsQMSxA5IEDsgQeyABLEDEsQOSBA7IEHsgASxAxLEDkgQOyBB7IAEsQMSxA5IEDsgQeyABLEDEsQOSBA7IEHsgASxAxLEDkgQOyBB7IAEsQMSxA5IEDsgQeyABLEDEsQOSBA7IEHsgASxAxLEDkgQOyBB7IAEsQMSxA5IEDsgQeyABLEDEsQOSBA7IEHsgASxAxLEDkgQOyBB7IAEsQMSxA5IEDsgQeyABLEDEsQOSBA7IEHsgASxAxLEDkgQOyBB7IAEsQMSxA5IEDsgQeyABLEDErbVC3y367xXr/Bh+/FavcInPe8H4m3zYvewV+QhscrzntIc/sYCCWIHJIgdkCB2QILYAQliBySIHZAgdkCC2AEJYgckiB2QIHZAgtgBCWIHJIgdkCB2QILYAQliBySIHZAgdkCC2AEJYgckiB2QIHZAgtgBCWIHJIgdkCB2QILYAQliBySIHZAgdkCC2AEJYgckiB2QIHZAgtgBCWIHJIgdkCB2QILYAQliBySIHZAgdkCC2AEJYgckiB2QIHZAgtgBCWIHJIgdkCB2QILYAQliBySIHZAgdkCC2AEJYgckiB2QIHZAgtgBCWIHJIgdkCB2QILYAQliBySIHZAgdkCC2AEJP2OM1TsA/DmXHZAgdkCC2AEJYgckiB2QIHZAgtgBCWIHJIgdkCB2QILYAQliBySIHZAgdkCC2AEJYgckiB2QIHZAgtgBCWIHJIgdkCB2QILYAQliBySIHZAgdkCC2AEJYgckiB2QIHZAgtgBCWIHJIgdkPAbAAD//9JGJL1D6GKKAAAAAElFTkSuQmCC"
    />
    <div
      className="c2"
    >
      <div
        className="bio-name"
      >
        Kari Nordmann
      </div>
    </div>
  </div>
  <div
    className="c0"
  >
    <img
      alt="Erik Eriksen"
      className="c1"
      src="data:image/png;base64,iVBORw0KGgoAAAANSUhEUgAAAaQAAAGkCAIAAADxLsZiAAAF4klEQVR4nOzXAY3jMBBA0dtTiJRWyEQhE1qhYAjLoeraav57BGakxl/TbYzxD+Dp/q9eAGAGsQMSxA5IEDsgQeyABLEDEsQOSBA7IEHsgASxAxLEDkgQOyBB7IAEsQMSxA5IEDsgQeyABLEDEsQOSBA7IEHsgASxAxLEDkgQOyBB7IAEsQMSxA5IEDsgQeyABLEDEsQOSBA7IEHsgASxAxK2aZOu8542i7ftx2v1Cp/kq/sKc746lx2QIHZAgtgBCWIHJIgdkCB2QILYAQliBySIHZAgdkCC2AEJYgckiB2QIHZAgtgBCWIHJIgdkCB2QILYAQliBySIHZAgdkCC2AEJYgckiB2QIHZAgtgBCWIHJIgdkCB2QILYAQliBySIHZAgdkCC2AEJYgckiB2QIHZAgtgBCWIHJIgdkCB2QILYAQliBySIHZAgdkCC2AEJYgckiB2QIHZAgtgBCWIHJIgdkCB2QILYAQliBySIHZAgdkCC2AEJYgckiB2QIHZAgtgBCWIHJIgdkCB2QILYAQliBySIHZAgdkDCNm3SfrymzZrjOu/VK1D0vKc0h8sOSBA7IEHsgASxAxLEDkgQOyBB7IAEsQMSxA5IEDsgQeyABLEDEsQOSBA7IEHsgASxAxLEDkgQOyBB7IAEsQMSxA5IEDsgQeyABLEDEsQOSBA7IEHsgASxAxLEDkgQOyBB7IAEsQMSxA5IEDsgQeyABLEDEsQOSBA7IEHsgASxAxLEDkgQOyBB7IAEsQMSxA5IEDsgQeyABLEDEsQOSBA7IEHsgASxAxLEDkgQOyBB7IAEsQMSxA5IEDsgQeyABLEDEsQOSBA7IEHsgASxAxLEDkgQOyBB7IAEsQMSxA5I+BljrN4B4M+57IAEsQMSxA5IEDsgQeyABLEDEsQOSBA7IEHsgASxAxLEDkgQOyBB7IAEsQMSxA5IEDsgQeyABLEDEsQOSBA7IEHsgASxAxLEDkgQOyBB7IAEsQMSxA5IEDsgQeyABLEDEsQOSBA7IEHsgASxAxLEDkgQOyBB7IAEsQMSxA5IEDsgQeyABLEDEsQOSBA7IEHsgASxAxLEDkgQOyBB7IAEsQMSxA5IEDsgQeyABLEDEsQOSBA7IEHsgASxAxLEDkgQOyBB7IAEsQMSxA5IEDsgQeyABLEDEsQOSBA7IGGbNuk672mzptmP1+oVaPGO3uayAxLEDkgQOyBB7IAEsQMSxA5IEDsgQeyABLEDEsQOSBA7IEHsgASxAxLEDkgQOyBB7IAEsQMSxA5IEDsgQeyABLEDEsQOSBA7IEHsgASxAxLEDkgQOyBB7IAEsQMSxA5IEDsgQeyABLEDEsQOSBA7IEHsgASxAxLEDkgQOyBB7IAEsQMSxA5IEDsgQeyABLEDEsQOSBA7IEHsgASxAxLEDkgQOyBB7IAEsQMSxA5IEDsgQeyABLEDEsQOSBA7IEHsgASxAxLEDkgQOyBB7IAEsQMSxA5IEDsgQeyABLEDErbVC3y367xXr/Bh+/FavcInPe8H4m3zYvewV+QhscrzntIc/sYCCWIHJIgdkCB2QILYAQliBySIHZAgdkCC2AEJYgckiB2QIHZAgtgBCWIHJIgdkCB2QILYAQliBySIHZAgdkCC2AEJYgckiB2QIHZAgtgBCWIHJIgdkCB2QILYAQliBySIHZAgdkCC2AEJYgckiB2QIHZAgtgBCWIHJIgdkCB2QILYAQliBySIHZAgdkCC2AEJYgckiB2QIHZAgtgBCWIHJIgdkCB2QILYAQliBySIHZAgdkCC2AEJYgckiB2QIHZAgtgBCWIHJIgdkCB2QILYAQliBySIHZAgdkCC2AEJP2OM1TsA/DmXHZAgdkCC2AEJYgckiB2QIHZAgtgBCWIHJIgdkCB2QILYAQliBySIHZAgdkCC2AEJYgckiB2QIHZAgtgBCWIHJIgdkCB2QILYAQliBySIHZAgdkCC2AEJYgckiB2QIHZAgtgBCWIHJIgdkPAbAAD//9JGJL1D6GKKAAAAAElFTkSuQmCC"
    />
    <div
      className="c2"
    >
      <div
        className="bio-name"
      >
        Erik Eriksen
      </div>
    </div>
  </div>
</div>
`;
