// Jest Snapshot v1, https://goo.gl/fbAQLP

exports[`Bio renders correctly 1`] = `
.c0 {
  display: -webkit-box;
  display: -webkit-flex;
  display: -ms-flexbox;
  display: flex;
  margin-bottom: 0;
  -webkit-flex-direction: row;
  -ms-flex-direction: row;
  flex-direction: row;
}

.c2 {
  display: -webkit-box;
  display: -webkit-flex;
  display: -ms-flexbox;
  display: flex;
  margin-right: 10px;
  -webkit-flex-direction: column;
  -ms-flex-direction: column;
  flex-direction: column;
}

.c1 {
  margin-bottom: 0;
  margin-right: 10px;
  width: 40px;
  height: 40px;
  border-radius: 100%;
}

@media (max-width:576px) {
  .c0 {
    -webkit-flex-direction: column;
    -ms-flex-direction: column;
    flex-direction: column;
    margin-bottom: 20px;
  }
}

<div
  className="c0"
>
  <div
    className="c0"
  >
    <img
      alt="Ola Nordmann"
      className="c1"
      src="data:image/png;base64,iVBORw0KGgoAAAANSUhEUgAAAaQAAAGkCAIAAADxLsZiAAAF4klEQVR4nOzXAY3jMBBA0dtTiJRWyEQhE1qhYAjLoeraav57BGakxl/TbYzxD+Dp/q9eAGAGsQMSxA5IEDsgQeyABLEDEsQOSBA7IEHsgASxAxLEDkgQOyBB7IAEsQMSxA5IEDsgQeyABLEDEsQOSBA7IEHsgASxAxLEDkgQOyBB7IAEsQMSxA5IEDsgQeyABLEDEsQOSBA7IEHsgASxAxK2aZOu8542i7ftx2v1Cp/kq/sKc746lx2QIHZAgtgBCWIHJIgdkCB2QILYAQliBySIHZAgdkCC2AEJYgckiB2QIHZAgtgBCWIHJIgdkCB2QILYAQliBySIHZAgdkCC2AEJYgckiB2QIHZAgtgBCWIHJIgdkCB2QILYAQliBySIHZAgdkCC2AEJYgckiB2QIHZAgtgBCWIHJIgdkCB2QILYAQliBySIHZAgdkCC2AEJYgckiB2QIHZAgtgBCWIHJIgdkCB2QILYAQliBySIHZAgdkCC2AEJYgckiB2QIHZAgtgBCWIHJIgdkCB2QILYAQliBySIHZAgdkDCNm3SfrymzZrjOu/VK1D0vKc0h8sOSBA7IEHsgASxAxLEDkgQOyBB7IAEsQMSxA5IEDsgQeyABLEDEsQOSBA7IEHsgASxAxLEDkgQOyBB7IAEsQMSxA5IEDsgQeyABLEDEsQOSBA7IEHsgASxAxLEDkgQOyBB7IAEsQMSxA5IEDsgQeyABLEDEsQOSBA7IEHsgASxAxLEDkgQOyBB7IAEsQMSxA5IEDsgQeyABLEDEsQOSBA7IEHsgASxAxLEDkgQOyBB7IAEsQMSxA5IEDsgQeyABLEDEsQOSBA7IEHsgASxAxLEDkgQOyBB7IAEsQMSxA5I+BljrN4B4M+57IAEsQMSxA5IEDsgQeyABLEDEsQOSBA7IEHsgASxAxLEDkgQOyBB7IAEsQMSxA5IEDsgQeyABLEDEsQOSBA7IEHsgASxAxLEDkgQOyBB7IAEsQMSxA5IEDsgQeyABLEDEsQOSBA7IEHsgASxAxLEDkgQOyBB7IAEsQMSxA5IEDsgQeyABLEDEsQOSBA7IEHsgASxAxLEDkgQOyBB7IAEsQMSxA5IEDsgQeyABLEDEsQOSBA7IEHsgASxAxLEDkgQOyBB7IAEsQMSxA5IEDsgQeyABLEDEsQOSBA7IGGbNuk672mzptmP1+oVaPGO3uayAxLEDkgQOyBB7IAEsQMSxA5IEDsgQeyABLEDEsQOSBA7IEHsgASxAxLEDkgQOyBB7IAEsQMSxA5IEDsgQeyABLEDEsQOSBA7IEHsgASxAxLEDkgQOyBB7IAEsQMSxA5IEDsgQeyABLEDEsQOSBA7IEHsgASxAxLEDkgQOyBB7IAEsQMSxA5IEDsgQeyABLEDEsQOSBA7IEHsgASxAxLEDkgQOyBB7IAEsQMSxA5IEDsgQeyABLEDEsQOSBA7IEHsgASxAxLEDkgQOyBB7IAEsQMSxA5IEDsgQeyABLEDErbVC3y367xXr/Bh+/FavcInPe8H4m3zYvewV+QhscrzntIc/sYCCWIHJIgdkCB2QILYAQliBySIHZAgdkCC2AEJYgckiB2QIHZAgtgBCWIHJIgdkCB2QILYAQliBySIHZAgdkCC2AEJYgckiB2QIHZAgtgBCWIHJIgdkCB2QILYAQliBySIHZAgdkCC2AEJYgckiB2QIHZAgtgBCWIHJIgdkCB2QILYAQliBySIHZAgdkCC2AEJYgckiB2QIHZAgtgBCWIHJIgdkCB2QILYAQliBySIHZAgdkCC2AEJYgckiB2QIHZAgtgBCWIHJIgdkCB2QILYAQliBySIHZAgdkCC2AEJP2OM1TsA/DmXHZAgdkCC2AEJYgckiB2QIHZAgtgBCWIHJIgdkCB2QILYAQliBySIHZAgdkCC2AEJYgckiB2QIHZAgtgBCWIHJIgdkCB2QILYAQliBySIHZAgdkCC2AEJYgckiB2QIHZAgtgBCWIHJIgdkPAbAAD//9JGJL1D6GKKAAAAAElFTkSuQmCC"
    />
    <div
      className="c2"
    >
      <div
        className="bio-name"
      >
        Ola Nordmann
      </div>
    </div>
  </div>
  <div
    className="c0"
  >
    <img
      alt="Kari Nordmann"
      className="c1"
      src="data:image/png;base64,iVBORw0KGgoAAAANSUhEUgAAAaQAAAGkCAIAAADxLsZiAAAF4klEQVR4nOzXAY3jMBBA0dtTiJRWyEQhE1qhYAjLoeraav57BGakxl/TbYzxD+Dp/q9eAGAGsQMSxA5IEDsgQeyABLEDEsQOSBA7IEHsgASxAxLEDkgQOyBB7IAEsQMSxA5IEDsgQeyABLEDEsQOSBA7IEHsgASxAxLEDkgQOyBB7IAEsQMSxA5IEDsgQeyABLEDEsQOSBA7IEHsgASxAxK2aZOu8542i7ftx2v1Cp/kq/sKc746lx2QIHZAgtgBCWIHJIgdkCB2QILYAQliBySIHZAgdkCC2AEJYgckiB2QIHZAgtgBCWIHJIgdkCB2QILYAQliBySIHZAgdkCC2AEJYgckiB2QIHZAgtgBCWIHJIgdkCB2QILYAQliBySIHZAgdkCC2AEJYgckiB2QIHZAgtgBCWIHJIgdkCB2QILYAQliBySIHZAgdkCC2AEJYgckiB2QIHZAgtgBCWIHJIgdkCB2QILYAQliBySIHZAgdkCC2AEJYgckiB2QIHZAgtgBCWIHJIgdkCB2QILYAQliBySIHZAgdkDCNm3SfrymzZrjOu/VK1D0vKc0h8sOSBA7IEHsgASxAxLEDkgQOyBB7IAEsQMSxA5IEDsgQeyABLEDEsQOSBA7IEHsgASxAxLEDkgQOyBB7IAEsQMSxA5IEDsgQeyABLEDEsQOSBA7IEHsgASxAxLEDkgQOyBB7IAEsQMSxA5IEDsgQeyABLEDEsQOSBA7IEHsgASxAxLEDkgQOyBB7IAEsQMSxA5IEDsgQeyABLEDEsQOSBA7IEHsgASxAxLEDkgQOyBB7IAEsQMSxA5IEDsgQeyABLEDEsQOSBA7IEHsgASxAxLEDkgQOyBB7IAEsQMSxA5I+BljrN4B4M+57IAEsQMSxA5IEDsgQeyABLEDEsQOSBA7IEHsgASxAxLEDkgQOyBB7IAEsQMSxA5IEDsgQeyABLEDEsQOSBA7IEHsgASxAxLEDkgQOyBB7IAEsQMSxA5IEDsgQeyABLEDEsQOSBA7IEHsgASxAxLEDkgQOyBB7IAEsQMSxA5IEDsgQeyABLEDEsQOSBA7IEHsgASxAxLEDkgQOyBB7IAEsQMSxA5IEDsgQeyABLEDEsQOSBA7IEHsgASxAxLEDkgQOyBB7IAEsQMSxA5IEDsgQeyABLEDEsQOSBA7IGGbNuk672mzptmP1+oVaPGO3uayAxLEDkgQOyBB7IAEsQMSxA5IEDsgQeyABLEDEsQOSBA7IEHsgASxAxLEDkgQOyBB7IAEsQMSxA5IEDsgQeyABLEDEsQOSBA7IEHsgASxAxLEDkgQOyBB7IAEsQMSxA5IEDsgQeyABLEDEsQOSBA7IEHsgASxAxLEDkgQOyBB7IAEsQMSxA5IEDsgQeyABLEDEsQOSBA7IEHsgASxAxLEDkgQOyBB7IAEsQMSxA5IEDsgQeyABLEDEsQOSBA7IEHsgASxAxLEDkgQOyBB7IAEsQMSxA5IEDsgQeyABLEDErbVC3y367xXr/Bh+/FavcInPe8H4m3zYvewV+QhscrzntIc/sYCCWIHJIgdkCB2QILYAQliBySIHZAgdkCC2AEJYgckiB2QIHZAgtgBCWIHJIgdkCB2QILYAQliBySIHZAgdkCC2AEJYgckiB2QIHZAgtgBCWIHJIgdkCB2QILYAQliBySIHZAgdkCC2AEJYgckiB2QIHZAgtgBCWIHJIgdkCB2QILYAQliBySIHZAgdkCC2AEJYgckiB2QIHZAgtgBCWIHJIgdkCB2QILYAQliBySIHZAgdkCC2AEJYgckiB2QIHZAgtgBCWIHJIgdkCB2QILYAQliBySIHZAgdkCC2AEJP2OM1TsA/DmXHZAgdkCC2AEJYgckiB2QIHZAgtgBCWIHJIgdkCB2QILYAQliBySIHZAgdkCC2AEJYgckiB2QIHZAgtgBCWIHJIgdkCB2QILYAQliBySIHZAgdkCC2AEJYgckiB2QIHZAgtgBCWIHJIgdkPAbAAD//9JGJL1D6GKKAAAAAElFTkSuQmCC"
    />
    <div
      className="c2"
    >
      <div
        className="bio-name"
      >
        Kari Nordmann
      </div>
    </div>
  </div>
  <div
    className="c0"
  >
    <img
      alt="Erik Eriksen"
      className="c1"
      src="data:image/png;base64,iVBORw0KGgoAAAANSUhEUgAAAaQAAAGkCAIAAADxLsZiAAAF4klEQVR4nOzXAY3jMBBA0dtTiJRWyEQhE1qhYAjLoeraav57BGakxl/TbYzxD+Dp/q9eAGAGsQMSxA5IEDsgQeyABLEDEsQOSBA7IEHsgASxAxLEDkgQOyBB7IAEsQMSxA5IEDsgQeyABLEDEsQOSBA7IEHsgASxAxLEDkgQOyBB7IAEsQMSxA5IEDsgQeyABLEDEsQOSBA7IEHsgASxAxK2aZOu8542i7ftx2v1Cp/kq/sKc746lx2QIHZAgtgBCWIHJIgdkCB2QILYAQliBySIHZAgdkCC2AEJYgckiB2QIHZAgtgBCWIHJIgdkCB2QILYAQliBySIHZAgdkCC2AEJYgckiB2QIHZAgtgBCWIHJIgdkCB2QILYAQliBySIHZAgdkCC2AEJYgckiB2QIHZAgtgBCWIHJIgdkCB2QILYAQliBySIHZAgdkCC2AEJYgckiB2QIHZAgtgBCWIHJIgdkCB2QILYAQliBySIHZAgdkCC2AEJYgckiB2QIHZAgtgBCWIHJIgdkCB2QILYAQliBySIHZAgdkDCNm3SfrymzZrjOu/VK1D0vKc0h8sOSBA7IEHsgASxAxLEDkgQOyBB7IAEsQMSxA5IEDsgQeyABLEDEsQOSBA7IEHsgASxAxLEDkgQOyBB7IAEsQMSxA5IEDsgQeyABLEDEsQOSBA7IEHsgASxAxLEDkgQOyBB7IAEsQMSxA5IEDsgQeyABLEDEsQOSBA7IEHsgASxAxLEDkgQOyBB7IAEsQMSxA5IEDsgQeyABLEDEsQOSBA7IEHsgASxAxLEDkgQOyBB7IAEsQMSxA5IEDsgQeyABLEDEsQOSBA7IEHsgASxAxLEDkgQOyBB7IAEsQMSxA5I+BljrN4B4M+57IAEsQMSxA5IEDsgQeyABLEDEsQOSBA7IEHsgASxAxLEDkgQOyBB7IAEsQMSxA5IEDsgQeyABLEDEsQOSBA7IEHsgASxAxLEDkgQOyBB7IAEsQMSxA5IEDsgQeyABLEDEsQOSBA7IEHsgASxAxLEDkgQOyBB7IAEsQMSxA5IEDsgQeyABLEDEsQOSBA7IEHsgASxAxLEDkgQOyBB7IAEsQMSxA5IEDsgQeyABLEDEsQOSBA7IEHsgASxAxLEDkgQOyBB7IAEsQMSxA5IEDsgQeyABLEDEsQOSBA7IGGbNuk672mzptmP1+oVaPGO3uayAxLEDkgQOyBB7IAEsQMSxA5IEDsgQeyABLEDEsQOSBA7IEHsgASxAxLEDkgQOyBB7IAEsQMSxA5IEDsgQeyABLEDEsQOSBA7IEHsgASxAxLEDkgQOyBB7IAEsQMSxA5IEDsgQeyABLEDEsQOSBA7IEHsgASxAxLEDkgQOyBB7IAEsQMSxA5IEDsgQeyABLEDEsQOSBA7IEHsgASxAxLEDkgQOyBB7IAEsQMSxA5IEDsgQeyABLEDEsQOSBA7IEHsgASxAxLEDkgQOyBB7IAEsQMSxA5IEDsgQeyABLEDErbVC3y367xXr/Bh+/FavcInPe8H4m3zYvewV+QhscrzntIc/sYCCWIHJIgdkCB2QILYAQliBySIHZAgdkCC2AEJYgckiB2QIHZAgtgBCWIHJIgdkCB2QILYAQliBySIHZAgdkCC2AEJYgckiB2QIHZAgtgBCWIHJIgdkCB2QILYAQliBySIHZAgdkCC2AEJYgckiB2QIHZAgtgBCWIHJIgdkCB2QILYAQliBySIHZAgdkCC2AEJYgckiB2QIHZAgtgBCWIHJIgdkCB2QILYAQliBySIHZAgdkCC2AEJYgckiB2QIHZAgtgBCWIHJIgdkCB2QILYAQliBySIHZAgdkCC2AEJP2OM1TsA/DmXHZAgdkCC2AEJYgckiB2QIHZAgtgBCWIHJIgdkCB2QILYAQliBySIHZAgdkCC2AEJYgckiB2QIHZAgtgBCWIHJIgdkCB2QILYAQliBySIHZAgdkCC2AEJYgckiB2QIHZAgtgBCWIHJIgdkPAbAAD//9JGJL1D6GKKAAAAAElFTkSuQmCC"
    />
    <div
      className="c2"
    >
      <div
        className="bio-name"
      >
        Erik Eriksen
      </div>
    </div>
  </div>
</div>
`;

exports[`BlogListing renders correctly 1`] = `
.c2 {
  font-size: 12px;
  font-weight: 500;
  line-height: 14px;
  cursor: inherit;
  color: #007079;
  text-transform: uppercase;
}

.c0 {
  box-sizing: border-box;
  -webkit-flex: 0 0 auto;
  -ms-flex: 0 0 auto;
  flex: 0 0 auto;
  padding-right: 0.5rem;
  padding-left: 0.5rem;
}

.c3 {
  border-bottom: 1px solid #f2f2f2;
  margin: 20px 0;
}

.c1 {
  font-size: 25px;
  color: black;
  font-weight: 200;
  padding: 0 2px 0 10px;
}

@media only screen and (min-width:0em) {
  .c0 {
    -webkit-flex-basis: 100%;
    -ms-flex-preferred-size: 100%;
    flex-basis: 100%;
    max-width: 100%;
    display: block;
  }
}

@media only screen and (min-width:64em) {
  .c0 {
    -webkit-flex-basis: 83.33333333333334%;
    -ms-flex-preferred-size: 83.33333333333334%;
    flex-basis: 83.33333333333334%;
    max-width: 83.33333333333334%;
    display: block;
  }
}

@media only screen and (min-width:64em) {
  .c0 {
    margin-left: 8.333333333333334%;
  }
}

<div
  className="c0"
>
  <div
    style={Object {}}
  >
    <test-file-stub
      style={
        Object {
          "height": 30,
          "width": 30,
        }
      }
    />
    <span
      className="c1"
    >
      /
    </span>
    <span
      className="c2"
    >
      Api
    </span>
  </div>
  <a
    href="/undefinedundefined"
    style={
      Object {
        "padding": "10px 0 20px",
      }
    }
  >
    Api
  </a>
  <div
    className="c3"
  />
</div>
`;
