// Jest Snapshot v1, https://goo.gl/fbAQLP

exports[`TagFilter renders correctly 1`] = `
.c0 {
  display: -webkit-box;
  display: -webkit-flex;
  display: -ms-flexbox;
  display: flex;
  margin-left: 15px;
  margin-right: 15px;
  margin: 0 15px 40px;
}

.c2 {
  margin-top: 10px;
  display: -webkit-inline-box;
  display: -webkit-inline-flex;
  display: -ms-inline-flexbox;
  display: inline-flex;
  font-size: 16px;
  font-weight: bold;
  line-height: 21px;
  -webkit-flex-wrap: wrap;
  -ms-flex-wrap: wrap;
  flex-wrap: wrap;
  margin-right: 15px;
}

.c1 {
  margin-top: 40px;
  list-style: none;
  display: -webkit-inline-box;
  display: -webkit-inline-flex;
  display: -ms-inline-flexbox;
  display: inline-flex;
  -webkit-flex-wrap: wrap;
  -ms-flex-wrap: wrap;
  flex-wrap: wrap;
  padding-left: 20px;
}

.c3 {
  background-color: #EAEAEA;
  padding: 0 20px;
  text-align: center;
  border-radius: 20.5px;
  margin-right: 20px;
  margin-bottom: 10px;
  cursor: pointer;
}

.c3 a,
.c3 span {
  font-size: 12px;
  font-weight: 500;
  line-height: 14px;
  color: #007079;
  text-transform: uppercase;
}

.c5 {
  background-color: #DEFAEB;
  padding: 0 20px;
  text-align: center;
  border-radius: 20.5px;
  margin-right: 20px;
  margin-bottom: 10px;
  cursor: pointer;
}

.c5 a,
.c5 span {
  font-size: 12px;
  font-weight: 500;
  line-height: 14px;
  color: #007079;
  text-transform: uppercase;
}

.c4 {
  font-size: 24px;
  padding-left: 10px;
  fontweight: 500;
}

<section
  className="c0"
>
  <ul
    className="c1"
  >
    <span
      className="c2"
    >
      Tags
    </span>
    <li
      className="c3"
      onClick={[Function]}
    >
      <span>
        Api
        <span
          className="c4"
        >
          +
        </span>
      </span>
    </li>
    <li
      className="c5"
      onClick={[Function]}
    >
      <span>
        Tech
        <span
          className="c4"
        >
          X
        </span>
      </span>
    </li>
    <span
      onClick={[Function]}
      style={
        Object {
          "cursor": "pointer",
          "textDecoration": "underline",
        }
      }
    >
      Deselect all
    </span>
  </ul>
</section>
`;
